<?xml version="1.0" encoding="utf-8"?><testsuites><testsuite name="pytest" errors="0" failures="0" skipped="0" tests="26" time="0.429" timestamp="2025-09-11T22:41:09.512394" hostname="MSI"><testcase classname="tests.test_basic" name="test_imports" time="0.204" /><testcase classname="tests.test_basic" name="test_flask_version" time="0.002" /><testcase classname="tests.test_basic" name="test_sqlalchemy_version" time="0.001" /><testcase classname="tests.test_basic" name="test_jwt_import" time="0.000" /><testcase classname="tests.test_basic" name="test_basic_cvss_calculation" time="0.000" /><testcase classname="tests.test_basic" name="test_file_validation" time="0.000" /><testcase classname="tests.test_basic" name="test_severity_mapping" time="0.000" /><testcase classname="tests.test_basic" name="test_text_extraction_simulation" time="0.000" /><testcase classname="tests.test_basic" name="test_json_serialization" time="0.001" /><testcase classname="tests.test_basic" name="test_environment_variables" time="0.001" /><testcase classname="tests.test_basic" name="test_datetime_handling" time="0.000" /><testcase classname="tests.test_basic" name="test_regex_patterns" time="0.002" /><testcase classname="tests.test_basic" name="test_file_size_validation" time="0.001" /><testcase classname="tests.test_basic_en" name="test_imports" time="0.001" /><testcase classname="tests.test_basic_en" name="test_flask_version" time="0.001" /><testcase classname="tests.test_basic_en" name="test_sqlalchemy_version" time="0.000" /><testcase classname="tests.test_basic_en" name="test_jwt_import" time="0.000" /><testcase classname="tests.test_basic_en" name="test_basic_cvss_calculation" time="0.000" /><testcase classname="tests.test_basic_en" name="test_file_validation" time="0.001" /><testcase classname="tests.test_basic_en" name="test_severity_mapping" time="0.001" /><testcase classname="tests.test_basic_en" name="test_text_extraction_simulation" time="0.001" /><testcase classname="tests.test_basic_en" name="test_json_serialization" time="0.000" /><testcase classname="tests.test_basic_en" name="test_environment_variables" time="0.000" /><testcase classname="tests.test_basic_en" name="test_datetime_handling" time="0.001" /><testcase classname="tests.test_basic_en" name="test_regex_patterns" time="0.001" /><testcase classname="tests.test_basic_en" name="test_file_size_validation" time="0.000" /></testsuite></testsuites>